Command "start" is deprecated, ClusterTasks are deprecated, this command will be removed in future releases.
apiVersion: tekton.dev/v1beta1
kind: TaskRun
metadata:
  creationTimestamp: null
  generateName: clustertask-3-run-
  labels:
    key: value
spec:
  serviceAccountName: svc1
  taskRef:
    kind: ClusterTask
    name: clustertask-3
  workspaces:
  - emptyDir: {}
    name: test
status:
  podName: ""
